// Jest Snapshot v1, https://goo.gl/fbAQLP

exports[`agent-policies custom agents (Todo 2) 内置字节一致（无自定义 agent） 6 内置首位输出、顺序固定、全字段与独立推导夹具深一致 1`] = `
{
  "agents": [
    {
      "description": "计划职责：只读分析并产出实施计划；不写文件、不执行变更。",
      "mode": "all",
      "name": "vteam-plan",
      "permission": {
        "bash": "deny",
        "edit": {
          "*": "deny",
          "**.opencode/plans/**": "allow",
        },
        "read": {
          "*": "allow",
        },
        "task": "allow",
        "vteam_channel_send": "deny",
        "vteam_issue_create": "deny",
        "vteam_issue_get": "deny",
        "vteam_issue_list": "deny",
        "vteam_issue_transition": "deny",
        "vteam_issue_update": "deny",
        "vteam_memory_save": "deny",
        "vteam_memory_search": "deny",
        "vteam_notify_agent": "deny",
        "vteam_submit_artifact": "deny",
      },
    },
    {
      "description": "需求分析与原型设计：澄清并定义需求，产出需求文档与原型；不编写实现代码、不做技术方案、不替代测试判定。",
      "mode": "primary",
      "name": "vteam-product",
      "permission": {
        "bash": "deny",
        "edit": {
          "*": "deny",
          "**tasks/*/docs/**": "allow",
          "**tasks/*/prototypes/**": "allow",
        },
        "read": {
          "*": "allow",
        },
        "task": "deny",
      },
    },
    {
      "description": "技术方案与设计文档：基于需求产出架构/技术方案与设计文档，只读核对仓库；不编写实现代码、不写仓库。",
      "mode": "primary",
      "name": "vteam-architect",
      "permission": {
        "bash": "ask",
        "edit": {
          "*": "deny",
          "**tasks/*/docs/**": "allow",
        },
        "read": {
          "*": "allow",
        },
        "task": "deny",
        "vteam_issue_create": "deny",
        "vteam_issue_transition": "deny",
        "vteam_issue_update": "deny",
      },
    },
    {
      "description": "编码与实现说明：按需求/方案实现代码并给出实现说明与验证方式；不定义需求、不替代测试判定、不越权验收。",
      "mode": "primary",
      "name": "vteam-developer",
      "permission": {
        "bash": "ask",
        "edit": {
          "*": "deny",
          "**tasks/*/**": "allow",
        },
        "read": {
          "*": "allow",
        },
        "task": "deny",
        "vteam_issue_create": "deny",
      },
    },
    {
      "description": "测试用例/计划/执行/报告：设计并执行测试、输出报告；不修改实现代码、不越权验收。",
      "mode": "primary",
      "name": "vteam-tester",
      "permission": {
        "bash": "ask",
        "edit": {
          "*": "deny",
          "**tasks/*/docs/**": "allow",
          "**tasks/*/tests/**": "allow",
        },
        "read": {
          "*": "allow",
        },
        "task": "deny",
        "vteam_issue_update": "deny",
      },
    },
    {
      "description": "流程控制：负责任务拆解编排、进度跟踪、风险与阻塞协调；不产出需求/方案/代码/用例、不越权验收。",
      "mode": "primary",
      "name": "vteam-project_manager",
      "permission": {
        "bash": "deny",
        "edit": {
          "*": "deny",
        },
        "read": {
          "*": "allow",
        },
        "task": "deny",
        "vteam_submit_artifact": "deny",
      },
    },
  ],
  "guard": {
    "enabled": true,
    "roles": {
      "vteam-architect": {
        "bashDeny": [
          ">",
          ">>",
          "tee",
          "cp",
          "mv",
          "sed -i",
          "truncate",
          "dd",
          "ln",
          "python -c",
          "node -e",
          "perl -i",
          "git apply",
          "patch",
          "git push",
          "rm",
        ],
        "correction": {
          "denyTemplate": "【越界拦截｜角色：{role}】不能调用 <tool>。职责：<scopeSummary>。请把该工作转交 {handoffTarget}，或使用 vteam_notify_agent 定向通知。",
          "handoff": {
            "code": "vteam-developer",
            "process": "vteam-project_manager",
            "requirements": "vteam-product",
            "test": "vteam-tester",
          },
          "scopeSummary": "技术方案与设计文档：基于需求产出架构/技术方案与设计文档，只读核对仓库；不编写实现代码、不写仓库。",
        },
        "permission": {
          "bash": "ask",
          "edit": {
            "*": "deny",
            "**tasks/*/docs/**": "allow",
          },
          "read": {
            "*": "allow",
          },
          "task": "deny",
          "vteam_issue_create": "deny",
          "vteam_issue_transition": "deny",
          "vteam_issue_update": "deny",
        },
        "tools": {
          "git_clone": "allow",
          "git_diff": "allow",
          "git_log": "allow",
          "git_pull": "allow",
          "git_status": "allow",
          "vteam_channel_send": "allow",
          "vteam_chat_history": "allow",
          "vteam_doclib": "allow",
          "vteam_group_post": "allow",
          "vteam_issue_get": "allow",
          "vteam_issue_list": "allow",
          "vteam_memory_save": "allow",
          "vteam_memory_search": "allow",
          "vteam_my_profile": "allow",
          "vteam_notify_agent": "allow",
          "vteam_read_file": "allow",
          "vteam_submit_artifact": "allow",
          "vteam_task_context": "allow",
          "vteam_team_view": "allow",
          "vteam_wecom_reply": "allow",
        },
      },
      "vteam-developer": {
        "bashDeny": [
          ">",
          ">>",
          "tee",
          "cp",
          "mv",
          "sed -i",
          "truncate",
          "dd",
          "ln",
          "python -c",
          "node -e",
          "perl -i",
          "git apply",
          "patch",
          "git push",
          "rm",
        ],
        "correction": {
          "denyTemplate": "【越界拦截｜角色：{role}】不能调用 <tool>。职责：<scopeSummary>。请把该工作转交 {handoffTarget}，或使用 vteam_notify_agent 定向通知。",
          "handoff": {
            "design": "vteam-architect",
            "process": "vteam-project_manager",
            "requirements": "vteam-product",
            "test": "vteam-tester",
          },
          "scopeSummary": "编码与实现说明：按需求/方案实现代码并给出实现说明与验证方式；不定义需求、不替代测试判定、不越权验收。",
        },
        "permission": {
          "bash": "ask",
          "edit": {
            "*": "deny",
            "**tasks/*/**": "allow",
          },
          "read": {
            "*": "allow",
          },
          "task": "deny",
          "vteam_issue_create": "deny",
        },
        "tools": {
          "git_clone": "allow",
          "git_diff": "allow",
          "git_log": "allow",
          "git_pull": "allow",
          "git_status": "allow",
          "vteam_channel_send": "allow",
          "vteam_chat_history": "allow",
          "vteam_doclib": "allow",
          "vteam_group_post": "allow",
          "vteam_issue_get": "allow",
          "vteam_issue_list": "allow",
          "vteam_issue_transition": "allow",
          "vteam_issue_update": "allow",
          "vteam_memory_save": "allow",
          "vteam_memory_search": "allow",
          "vteam_my_profile": "allow",
          "vteam_notify_agent": "allow",
          "vteam_read_file": "allow",
          "vteam_submit_artifact": "allow",
          "vteam_task_context": "allow",
          "vteam_team_view": "allow",
          "vteam_wecom_reply": "allow",
        },
      },
      "vteam-plan": {
        "bashDeny": [
          ">",
          ">>",
          "tee",
          "cp",
          "mv",
          "sed -i",
          "truncate",
          "dd",
          "ln",
          "python -c",
          "node -e",
          "perl -i",
          "git apply",
          "patch",
          "git push",
          "rm",
        ],
        "correction": {
          "denyTemplate": "【越界拦截｜角色：{role}】不能调用 <tool>。职责：<scopeSummary>。请把该工作转交 {handoffTarget}，或使用 vteam_notify_agent 定向通知。",
          "handoff": {
            "code": "vteam-developer",
            "design": "vteam-architect",
            "process": "vteam-project_manager",
            "requirements": "vteam-product",
            "test": "vteam-tester",
          },
          "scopeSummary": "计划职责：只读分析并产出实施计划；不写文件、不执行变更。",
        },
        "permission": {
          "bash": "deny",
          "edit": {
            "*": "deny",
            "**.opencode/plans/**": "allow",
          },
          "read": {
            "*": "allow",
          },
          "task": "allow",
          "vteam_channel_send": "deny",
          "vteam_issue_create": "deny",
          "vteam_issue_get": "deny",
          "vteam_issue_list": "deny",
          "vteam_issue_transition": "deny",
          "vteam_issue_update": "deny",
          "vteam_memory_save": "deny",
          "vteam_memory_search": "deny",
          "vteam_notify_agent": "deny",
          "vteam_submit_artifact": "deny",
        },
        "tools": {
          "vteam_chat_history": "allow",
          "vteam_doclib": "allow",
          "vteam_group_post": "allow",
          "vteam_my_profile": "allow",
          "vteam_read_file": "allow",
          "vteam_task_context": "allow",
          "vteam_team_view": "allow",
          "vteam_wecom_reply": "allow",
        },
      },
      "vteam-product": {
        "bashDeny": [
          ">",
          ">>",
          "tee",
          "cp",
          "mv",
          "sed -i",
          "truncate",
          "dd",
          "ln",
          "python -c",
          "node -e",
          "perl -i",
          "git apply",
          "patch",
          "git push",
          "rm",
        ],
        "correction": {
          "denyTemplate": "【越界拦截｜角色：{role}】不能调用 <tool>。职责：<scopeSummary>。请把该工作转交 {handoffTarget}，或使用 vteam_notify_agent 定向通知。",
          "handoff": {
            "code": "vteam-developer",
            "design": "vteam-architect",
            "process": "vteam-project_manager",
            "test": "vteam-tester",
          },
          "scopeSummary": "需求分析与原型设计：澄清并定义需求，产出需求文档与原型；不编写实现代码、不做技术方案、不替代测试判定。",
        },
        "permission": {
          "bash": "deny",
          "edit": {
            "*": "deny",
            "**tasks/*/docs/**": "allow",
            "**tasks/*/prototypes/**": "allow",
          },
          "read": {
            "*": "allow",
          },
          "task": "deny",
        },
        "tools": {
          "vteam_channel_send": "allow",
          "vteam_chat_history": "allow",
          "vteam_doclib": "allow",
          "vteam_group_post": "allow",
          "vteam_issue_create": "allow",
          "vteam_issue_get": "allow",
          "vteam_issue_list": "allow",
          "vteam_issue_transition": "allow",
          "vteam_issue_update": "allow",
          "vteam_memory_save": "allow",
          "vteam_memory_search": "allow",
          "vteam_my_profile": "allow",
          "vteam_notify_agent": "allow",
          "vteam_read_file": "allow",
          "vteam_submit_artifact": "allow",
          "vteam_task_context": "allow",
          "vteam_team_view": "allow",
          "vteam_wecom_reply": "allow",
        },
      },
      "vteam-project_manager": {
        "bashDeny": [
          ">",
          ">>",
          "tee",
          "cp",
          "mv",
          "sed -i",
          "truncate",
          "dd",
          "ln",
          "python -c",
          "node -e",
          "perl -i",
          "git apply",
          "patch",
          "git push",
          "rm",
        ],
        "correction": {
          "denyTemplate": "【越界拦截｜角色：{role}】不能调用 <tool>。职责：<scopeSummary>。请把该工作转交 {handoffTarget}，或使用 vteam_notify_agent 定向通知。",
          "handoff": {
            "code": "vteam-developer",
            "design": "vteam-architect",
            "requirements": "vteam-product",
            "test": "vteam-tester",
          },
          "scopeSummary": "流程控制：负责任务拆解编排、进度跟踪、风险与阻塞协调；不产出需求/方案/代码/用例、不越权验收。",
        },
        "permission": {
          "bash": "deny",
          "edit": {
            "*": "deny",
          },
          "read": {
            "*": "allow",
          },
          "task": "deny",
          "vteam_submit_artifact": "deny",
        },
        "tools": {
          "vteam_channel_send": "allow",
          "vteam_chat_history": "allow",
          "vteam_doclib": "allow",
          "vteam_group_post": "allow",
          "vteam_issue_create": "allow",
          "vteam_issue_get": "allow",
          "vteam_issue_list": "allow",
          "vteam_issue_transition": "allow",
          "vteam_issue_update": "allow",
          "vteam_memory_save": "allow",
          "vteam_memory_search": "allow",
          "vteam_my_profile": "allow",
          "vteam_notify_agent": "allow",
          "vteam_read_file": "allow",
          "vteam_task_context": "allow",
          "vteam_team_view": "allow",
          "vteam_wecom_reply": "allow",
        },
      },
      "vteam-tester": {
        "bashDeny": [
          ">",
          ">>",
          "tee",
          "cp",
          "mv",
          "sed -i",
          "truncate",
          "dd",
          "ln",
          "python -c",
          "node -e",
          "perl -i",
          "git apply",
          "patch",
          "git push",
          "rm",
        ],
        "correction": {
          "denyTemplate": "【越界拦截｜角色：{role}】不能调用 <tool>。职责：<scopeSummary>。请把该工作转交 {handoffTarget}，或使用 vteam_notify_agent 定向通知。",
          "handoff": {
            "code": "vteam-developer",
            "design": "vteam-architect",
            "process": "vteam-project_manager",
            "requirements": "vteam-product",
          },
          "scopeSummary": "测试用例/计划/执行/报告：设计并执行测试、输出报告；不修改实现代码、不越权验收。",
        },
        "permission": {
          "bash": "ask",
          "edit": {
            "*": "deny",
            "**tasks/*/docs/**": "allow",
            "**tasks/*/tests/**": "allow",
          },
          "read": {
            "*": "allow",
          },
          "task": "deny",
          "vteam_issue_update": "deny",
        },
        "tools": {
          "git_clone": "allow",
          "git_diff": "allow",
          "git_log": "allow",
          "git_pull": "allow",
          "git_status": "allow",
          "vteam_channel_send": "allow",
          "vteam_chat_history": "allow",
          "vteam_doclib": "allow",
          "vteam_group_post": "allow",
          "vteam_issue_create": "allow",
          "vteam_issue_get": "allow",
          "vteam_issue_list": "allow",
          "vteam_issue_transition": "allow",
          "vteam_memory_save": "allow",
          "vteam_memory_search": "allow",
          "vteam_my_profile": "allow",
          "vteam_notify_agent": "allow",
          "vteam_read_file": "allow",
          "vteam_submit_artifact": "allow",
          "vteam_task_context": "allow",
          "vteam_team_view": "allow",
          "vteam_wecom_reply": "allow",
        },
      },
    },
  },
}
`;
